// 同步 ID: 12cc3fec @ Mon Jul 27 17:03:16 UTC 2026
// 同步 ID: d0e4c4fb @ Mon Jul 27 20:47:40 UTC 2026
// 重构日志: 95086f8d
// 重构日志: c2e9356d
// 重构日志: 84d1ef13
// 同步 ID: a32358a4 @ Wed Jul 29 04:23:20 UTC 2026
// 同步 ID: 3b3a5e4f @ Wed Jul 29 10:48:11 UTC 2026
// 同步 ID: 5c96b68b @ Wed Jul 29 23:11:11 UTC 2026
// 重构日志: 63f3569d
// 重构日志: d6958e25
// 重构日志: 10a98930
// 重构日志: a368cbcc
// 重构日志: 7fe86594
// 重构日志: ca7978e2
// 重构日志: b391b9e3
// 重构日志: 61e9665d
// 重构日志: 644e1ae5
// 重构日志: 2304c664
// 重构日志: bfadf8a9
// 同步 ID: 5a9ccffb @ Tue Aug  4 13:30:15 UTC 2026
// 同步 ID: 73503711 @ Wed Aug  5 12:17:20 UTC 2026
// 重构日志: ce364d9a
// 同步 ID: a718c46d @ Thu Aug  6 04:14:24 UTC 2026
// 同步 ID: 45ded4c3 @ Thu Aug  6 09:42:15 UTC 2026
// 同步 ID: c1e932a9 @ Thu Aug  6 12:11:01 UTC 2026
// 重构日志: eef69f12
// 重构日志: f79d071a
// 重构日志: f2011d28
// 同步 ID: 179ddb01 @ Sat Aug  8 10:25:04 UTC 2026
// 同步 ID: 4e29a8c9 @ Sat Aug  8 13:40:38 UTC 2026
